kotlin version: 2.0.21
error message: org.jetbrains.kotlin.backend.common.BackendException: Backend Internal error: Exception during IR lowering
File being compiled: /Users/user/ISEL/PS/epicurius/app/app/src/main/java/android/epicurius/ui/screens/auth/login/LoginViewModel.kt
The root cause java.lang.RuntimeException was thrown at: org.jetbrains.kotlin.backend.jvm.codegen.FunctionCodegen.generate(FunctionCodegen.kt:47)
	at org.jetbrains.kotlin.backend.common.CodegenUtil.reportBackendException(CodegenUtil.kt:253)
	at org.jetbrains.kotlin.backend.common.CodegenUtil.reportBackendException$default(CodegenUtil.kt:236)
	at org.jetbrains.kotlin.backend.common.phaser.PerformByIrFilePhase.invokeSequential(performByIrFile.kt:65)
	at org.jetbrains.kotlin.backend.common.phaser.PerformByIrFilePhase.invoke(performByIrFile.kt:52)
	at org.jetbrains.kotlin.backend.common.phaser.PerformByIrFilePhase.invoke(performByIrFile.kt:38)
	at org.jetbrains.kotlin.backend.common.phaser.NamedCompilerPhase.phaseBody(CompilerPhase.kt:166)
	at org.jetbrains.kotlin.backend.common.phaser.AbstractNamedCompilerPhase.invoke(CompilerPhase.kt:113)
	at org.jetbrains.kotlin.backend.common.phaser.CompositePhase.invoke(PhaseBuilders.kt:27)
	at org.jetbrains.kotlin.backend.common.phaser.CompositePhase.invoke(PhaseBuilders.kt:14)
	at org.jetbrains.kotlin.backend.common.phaser.NamedCompilerPhase.phaseBody(CompilerPhase.kt:166)
	at org.jetbrains.kotlin.backend.common.phaser.AbstractNamedCompilerPhase.invoke(CompilerPhase.kt:113)
	at org.jetbrains.kotlin.backend.common.phaser.CompilerPhaseKt.invokeToplevel(CompilerPhase.kt:62)
	at org.jetbrains.kotlin.backend.jvm.JvmIrCodegenFactory.invokeCodegen(JvmIrCodegenFactory.kt:371)
	at org.jetbrains.kotlin.codegen.CodegenFactory.generateModule(CodegenFactory.kt:47)
	at org.jetbrains.kotlin.backend.jvm.JvmIrCodegenFactory.generateModuleInFrontendIRMode(JvmIrCodegenFactory.kt:433)
	at org.jetbrains.kotlin.cli.jvm.compiler.pipeline.JvmCompilerPipelineKt.generateCodeFromIr(jvmCompilerPipeline.kt:246)
	at org.jetbrains.kotlin.cli.jvm.compiler.pipeline.JvmCompilerPipelineKt.compileModulesUsingFrontendIrAndLightTree(jvmCompilerPipeline.kt:142)
	at org.jetbrains.kotlin.cli.jvm.K2JVMCompiler.doExecute(K2JVMCompiler.kt:148)
	at org.jetbrains.kotlin.cli.jvm.K2JVMCompiler.doExecute(K2JVMCompiler.kt:43)
	at org.jetbrains.kotlin.cli.common.CLICompiler.execImpl(CLICompiler.kt:103)
	at org.jetbrains.kotlin.cli.common.CLICompiler.execImpl(CLICompiler.kt:49)
	at org.jetbrains.kotlin.cli.common.CLITool.exec(CLITool.kt:101)
	at org.jetbrains.kotlin.incremental.IncrementalJvmCompilerRunner.runCompiler(IncrementalJvmCompilerRunner.kt:464)
	at org.jetbrains.kotlin.incremental.IncrementalJvmCompilerRunner.runCompiler(IncrementalJvmCompilerRunner.kt:73)
	at org.jetbrains.kotlin.incremental.IncrementalCompilerRunner.doCompile(IncrementalCompilerRunner.kt:506)
	at org.jetbrains.kotlin.incremental.IncrementalCompilerRunner.compileImpl(IncrementalCompilerRunner.kt:423)
	at org.jetbrains.kotlin.incremental.IncrementalCompilerRunner.tryCompileIncrementally$lambda$9$compile(IncrementalCompilerRunner.kt:249)
	at org.jetbrains.kotlin.incremental.IncrementalCompilerRunner.tryCompileIncrementally(IncrementalCompilerRunner.kt:267)
	at org.jetbrains.kotlin.incremental.IncrementalCompilerRunner.compile(IncrementalCompilerRunner.kt:120)
	at org.jetbrains.kotlin.daemon.CompileServiceImplBase.execIncrementalCompiler(CompileServiceImpl.kt:675)
	at org.jetbrains.kotlin.daemon.CompileServiceImplBase.access$execIncrementalCompiler(CompileServiceImpl.kt:92)
	at org.jetbrains.kotlin.daemon.CompileServiceImpl.compile(CompileServiceImpl.kt:1660)
	at java.base/jdk.internal.reflect.DirectMethodHandleAccessor.invoke(Unknown Source)
	at java.base/java.lang.reflect.Method.invoke(Unknown Source)
	at java.rmi/sun.rmi.server.UnicastServerRef.dispatch(Unknown Source)
	at java.rmi/sun.rmi.transport.Transport$1.run(Unknown Source)
	at java.rmi/sun.rmi.transport.Transport$1.run(Unknown Source)
	at java.base/java.security.AccessController.doPrivileged(Unknown Source)
	at java.rmi/sun.rmi.transport.Transport.serviceCall(Unknown Source)
	at java.rmi/sun.rmi.transport.tcp.TCPTransport.handleMessages(Unknown Source)
	at java.rmi/sun.rmi.transport.tcp.TCPTransport$ConnectionHandler.run0(Unknown Source)
	at java.rmi/sun.rmi.transport.tcp.TCPTransport$ConnectionHandler.lambda$run$0(Unknown Source)
	at java.base/java.security.AccessController.doPrivileged(Unknown Source)
	at java.rmi/sun.rmi.transport.tcp.TCPTransport$ConnectionHandler.run(Unknown Source)
	at java.base/java.util.concurrent.ThreadPoolExecutor.runWorker(Unknown Source)
	at java.base/java.util.concurrent.ThreadPoolExecutor$Worker.run(Unknown Source)
	at java.base/java.lang.Thread.run(Unknown Source)
Caused by: java.lang.RuntimeException: Exception while generating code for:
FUN name:handleLogin visibility:private modality:FINAL <> ($this:android.epicurius.ui.screens.auth.login.LoginViewModel, loginInfo:android.epicurius.services.api.auth.models.input.LoginInputModel, navigateTo:kotlin.Function0<kotlin.Unit>, $completion:kotlin.coroutines.Continuation<kotlin.Unit>) returnType:kotlin.Any? [suspend]
  $this: VALUE_PARAMETER name:<this> type:android.epicurius.ui.screens.auth.login.LoginViewModel
  VALUE_PARAMETER name:loginInfo index:0 type:android.epicurius.services.api.auth.models.input.LoginInputModel
  VALUE_PARAMETER name:navigateTo index:1 type:kotlin.Function0<kotlin.Unit>
  VALUE_PARAMETER CONTINUATION_CLASS name:$completion index:2 type:kotlin.coroutines.Continuation<kotlin.Unit>
  BLOCK_BODY
    CLASS CONTINUATION_CLASS CLASS name:<Continuation> modality:FINAL visibility:public/*package*/ superTypes:[kotlin.coroutines.jvm.internal.ContinuationImpl]
      $this: VALUE_PARAMETER INSTANCE_RECEIVER name:<this> type:android.epicurius.ui.screens.auth.login.LoginViewModel.handleLogin.<Continuation>
      FIELD CONTINUATION_CLASS_RESULT_FIELD name:result type:kotlin.Result<kotlin.Any?> visibility:public/*package*/
      FIELD FIELD_FOR_OUTER_THIS name:this$0 type:android.epicurius.ui.screens.auth.login.LoginViewModel visibility:public/*package*/ [final]
      FIELD name:label type:kotlin.Int visibility:public/*package*/
      CONSTRUCTOR visibility:public/*package*/ <> (this$0:android.epicurius.ui.screens.auth.login.LoginViewModel, $completion:kotlin.coroutines.Continuation<android.epicurius.ui.screens.auth.login.LoginViewModel.handleLogin.<Continuation>>?) returnType:android.epicurius.ui.screens.auth.login.LoginViewModel.handleLogin.<Continuation> [primary]
        VALUE_PARAMETER name:this$0 index:0 type:android.epicurius.ui.screens.auth.login.LoginViewModel
        VALUE_PARAMETER name:$completion index:1 type:kotlin.coroutines.Continuation<android.epicurius.ui.screens.auth.login.LoginViewModel.handleLogin.<Continuation>>?
        BLOCK_BODY
          SET_FIELD 'FIELD FIELD_FOR_OUTER_THIS name:this$0 type:android.epicurius.ui.screens.auth.login.LoginViewModel visibility:public/*package*/ [final] declared in android.epicurius.ui.screens.auth.login.LoginViewModel.handleLogin.<Continuation>' type=kotlin.Unit origin=null
            receiver: GET_VAR '<this>: android.epicurius.ui.screens.auth.login.LoginViewModel.handleLogin.<Continuation> declared in android.epicurius.ui.screens.auth.login.LoginViewModel.handleLogin.<Continuation>' type=android.epicurius.ui.screens.auth.login.LoginViewModel.handleLogin.<Continuation> origin=null
            value: GET_VAR 'this$0: android.epicurius.ui.screens.auth.login.LoginViewModel declared in android.epicurius.ui.screens.auth.login.LoginViewModel.handleLogin.<Continuation>.<init>' type=android.epicurius.ui.screens.auth.login.LoginViewModel origin=null
          DELEGATING_CONSTRUCTOR_CALL 'public constructor <init> ($completion: kotlin.coroutines.Continuation<kotlin.Any?>?) declared in kotlin.coroutines.jvm.internal.ContinuationImpl'
            $completion: GET_VAR '$completion: kotlin.coroutines.Continuation<android.epicurius.ui.screens.auth.login.LoginViewModel.handleLogin.<Continuation>>? declared in android.epicurius.ui.screens.auth.login.LoginViewModel.handleLogin.<Continuation>.<init>' type=kotlin.coroutines.Continuation<android.epicurius.ui.screens.auth.login.LoginViewModel.handleLogin.<Continuation>>? origin=null
      FUN name:invokeSuspend visibility:public modality:FINAL <> ($this:android.epicurius.ui.screens.auth.login.LoginViewModel.handleLogin.<Continuation>, $result:kotlin.Result<kotlin.Any?>) returnType:kotlin.Any?
        overridden:
          public abstract fun invokeSuspend ($result: kotlin.Result<kotlin.Any?>): kotlin.Any? declared in kotlin.coroutines.jvm.internal.ContinuationImpl
        $this: VALUE_PARAMETER INSTANCE_RECEIVER name:<this> type:android.epicurius.ui.screens.auth.login.LoginViewModel.handleLogin.<Continuation>
        VALUE_PARAMETER name:$result index:0 type:kotlin.Result<kotlin.Any?>
        BLOCK_BODY
          SET_FIELD 'FIELD CONTINUATION_CLASS_RESULT_FIELD name:result type:kotlin.Result<kotlin.Any?> visibility:public/*package*/ declared in android.epicurius.ui.screens.auth.login.LoginViewModel.handleLogin.<Continuation>' type=kotlin.Unit origin=null
            receiver: GET_VAR '<this>: android.epicurius.ui.screens.auth.login.LoginViewModel.handleLogin.<Continuation> declared in android.epicurius.ui.screens.auth.login.LoginViewModel.handleLogin.<Continuation>.invokeSuspend' type=android.epicurius.ui.screens.auth.login.LoginViewModel.handleLogin.<Continuation> origin=null
            value: GET_VAR '$result: kotlin.Result<kotlin.Any?> declared in android.epicurius.ui.screens.auth.login.LoginViewModel.handleLogin.<Continuation>.invokeSuspend' type=kotlin.Result<kotlin.Any?> origin=null
          SET_FIELD 'FIELD name:label type:kotlin.Int visibility:public/*package*/ declared in android.epicurius.ui.screens.auth.login.LoginViewModel.handleLogin.<Continuation>' type=kotlin.Unit origin=null
            receiver: GET_VAR '<this>: android.epicurius.ui.screens.auth.login.LoginViewModel.handleLogin.<Continuation> declared in android.epicurius.ui.screens.auth.login.LoginViewModel.handleLogin.<Continuation>.invokeSuspend' type=android.epicurius.ui.screens.auth.login.LoginViewModel.handleLogin.<Continuation> origin=null
            value: CALL 'public final fun or (other: kotlin.Int): kotlin.Int [infix] declared in kotlin.Int' type=kotlin.Int origin=null
              $this: GET_FIELD 'FIELD name:label type:kotlin.Int visibility:public/*package*/ declared in android.epicurius.ui.screens.auth.login.LoginViewModel.handleLogin.<Continuation>' type=kotlin.Int origin=null
                receiver: GET_VAR '<this>: android.epicurius.ui.screens.auth.login.LoginViewModel.handleLogin.<Continuation> declared in android.epicurius.ui.screens.auth.login.LoginViewModel.handleLogin.<Continuation>.invokeSuspend' type=android.epicurius.ui.screens.auth.login.LoginViewModel.handleLogin.<Continuation> origin=null
              other: CONST Int type=kotlin.Int value=-2147483648
          RETURN type=kotlin.Nothing from='public final fun invokeSuspend ($result: kotlin.Result<kotlin.Any?>): kotlin.Any? declared in android.epicurius.ui.screens.auth.login.LoginViewModel.handleLogin.<Continuation>'
            CALL 'public final fun access$handleLogin ($this: android.epicurius.ui.screens.auth.login.LoginViewModel, loginInfo: android.epicurius.services.api.auth.models.input.LoginInputModel, navigateTo: kotlin.Function0<kotlin.Unit>, $completion: kotlin.coroutines.Continuation<kotlin.Unit>): kotlin.Any? [suspend] declared in android.epicurius.ui.screens.auth.login.LoginViewModel' type=kotlin.Any? origin=null
              $this: GET_FIELD 'FIELD FIELD_FOR_OUTER_THIS name:this$0 type:android.epicurius.ui.screens.auth.login.LoginViewModel visibility:public/*package*/ [final] declared in android.epicurius.ui.screens.auth.login.LoginViewModel.handleLogin.<Continuation>' type=android.epicurius.ui.screens.auth.login.LoginViewModel origin=null
                receiver: GET_VAR '<this>: android.epicurius.ui.screens.auth.login.LoginViewModel.handleLogin.<Continuation> declared in android.epicurius.ui.screens.auth.login.LoginViewModel.handleLogin.<Continuation>.invokeSuspend' type=android.epicurius.ui.screens.auth.login.LoginViewModel.handleLogin.<Continuation> origin=null
              loginInfo: CONST Null type=android.epicurius.services.api.auth.models.input.LoginInputModel? value=null
              navigateTo: CONST Null type=kotlin.Function0<kotlin.Unit>? value=null
              $completion: GET_VAR '<this>: android.epicurius.ui.screens.auth.login.LoginViewModel.handleLogin.<Continuation> declared in android.epicurius.ui.screens.auth.login.LoginViewModel.handleLogin.<Continuation>.invokeSuspend' type=android.epicurius.ui.screens.auth.login.LoginViewModel.handleLogin.<Continuation> origin=null
    VAR name:result type:android.epicurius.services.http.utils.APIResult<kotlin.Unit> [val]
      TYPE_OP type=android.epicurius.services.http.utils.APIResult<kotlin.Unit> origin=IMPLICIT_CAST typeOperand=android.epicurius.services.http.utils.APIResult<kotlin.Unit>
        CALL 'public final fun request$default <T> ($this: android.epicurius.ui.EpicuriusViewModel, showError: kotlin.Boolean, handler: kotlin.Function0<android.epicurius.services.http.utils.APIResult<T of android.epicurius.ui.EpicuriusViewModel.request$default>>, $mask0: kotlin.Int, $handler: kotlin.Any?): android.epicurius.services.http.utils.APIResult<T of android.epicurius.ui.EpicuriusViewModel.request$default> [inline] declared in android.epicurius.ui.EpicuriusViewModel' type=android.epicurius.services.http.utils.APIResult<T of android.epicurius.ui.EpicuriusViewModel.request$default> origin=DEFAULT_DISPATCH_CALL
          <T>: kotlin.Unit
          $this: GET_VAR '<this>: android.epicurius.ui.screens.auth.login.LoginViewModel declared in android.epicurius.ui.screens.auth.login.LoginViewModel.handleLogin' type=android.epicurius.ui.screens.auth.login.LoginViewModel origin=null
          showError: COMPOSITE type=kotlin.Boolean origin=DEFAULT_VALUE
            CONST Boolean type=kotlin.Boolean value=false
          handler: BLOCK type=kotlin.Function0<android.epicurius.services.http.utils.APIResult<kotlin.Unit>> origin=LAMBDA
            COMPOSITE type=kotlin.Unit origin=null
            FUNCTION_REFERENCE 'private final fun handleLogin$lambda$0 (this$0: android.epicurius.ui.screens.auth.login.LoginViewModel, $loginInfo: android.epicurius.services.api.auth.models.input.LoginInputModel): android.epicurius.services.http.utils.APIResult<kotlin.Unit> declared in android.epicurius.ui.screens.auth.login.LoginViewModel' type=kotlin.Function0<android.epicurius.services.http.utils.APIResult<kotlin.Unit>> origin=INLINE_LAMBDA reflectionTarget=null
              this$0: GET_VAR '<this>: android.epicurius.ui.screens.auth.login.LoginViewModel declared in android.epicurius.ui.screens.auth.login.LoginViewModel.handleLogin' type=android.epicurius.ui.screens.auth.login.LoginViewModel origin=null
              $loginInfo: GET_VAR 'loginInfo: android.epicurius.services.api.auth.models.input.LoginInputModel declared in android.epicurius.ui.screens.auth.login.LoginViewModel.handleLogin' type=android.epicurius.services.api.auth.models.input.LoginInputModel origin=null
          $mask0: CONST Int type=kotlin.Int value=1
          $handler: CONST Null type=kotlin.Any? value=null
    WHEN type=kotlin.Unit origin=WHEN
      BRANCH
        if: CALL 'public final fun <get-isFailure> (): kotlin.Boolean declared in android.epicurius.services.http.utils.APIResult' type=kotlin.Boolean origin=GET_PROPERTY
          $this: GET_VAR 'val result: android.epicurius.services.http.utils.APIResult<kotlin.Unit> [val] declared in android.epicurius.ui.screens.auth.login.LoginViewModel.handleLogin' type=android.epicurius.services.http.utils.APIResult<kotlin.Unit> origin=null
        then: BLOCK type=kotlin.Unit origin=null
          CALL 'public final fun enableButtons (): kotlin.Unit [fake_override] declared in android.epicurius.ui.screens.auth.login.LoginViewModel' type=kotlin.Unit origin=null
            $this: GET_VAR '<this>: android.epicurius.ui.screens.auth.login.LoginViewModel declared in android.epicurius.ui.screens.auth.login.LoginViewModel.handleLogin' type=android.epicurius.ui.screens.auth.login.LoginViewModel origin=null
      BRANCH
        if: CALL 'public final fun <get-isSuccess> (): kotlin.Boolean declared in android.epicurius.services.http.utils.APIResult' type=kotlin.Boolean origin=GET_PROPERTY
          $this: GET_VAR 'val result: android.epicurius.services.http.utils.APIResult<kotlin.Unit> [val] declared in android.epicurius.ui.screens.auth.login.LoginViewModel.handleLogin' type=android.epicurius.services.http.utils.APIResult<kotlin.Unit> origin=null
        then: BLOCK type=kotlin.Unit origin=null
          VAR name:token type:kotlin.String [val]
            CALL 'public final fun getTokenOrThrow (): kotlin.String declared in android.epicurius.services.http.utils.APIResult' type=kotlin.String origin=null
              $this: GET_VAR 'val result: android.epicurius.services.http.utils.APIResult<kotlin.Unit> [val] declared in android.epicurius.ui.screens.auth.login.LoginViewModel.handleLogin' type=android.epicurius.services.http.utils.APIResult<kotlin.Unit> origin=null
          CALL 'internal final fun saveUserInfo (token: kotlin.String, $completion: kotlin.coroutines.Continuation<kotlin.Unit>): kotlin.Any? [suspend,fake_override] declared in android.epicurius.ui.screens.auth.login.LoginViewModel' type=kotlin.Unit origin=null
            $this: GET_VAR '<this>: android.epicurius.ui.screens.auth.login.LoginViewModel declared in android.epicurius.ui.screens.auth.login.LoginViewModel.handleLogin' type=android.epicurius.ui.screens.auth.login.LoginViewModel origin=null
            token: GET_VAR 'val token: kotlin.String [val] declared in android.epicurius.ui.screens.auth.login.LoginViewModel.handleLogin' type=kotlin.String origin=null
            $completion: GET_VAR '$completion: kotlin.coroutines.Continuation<kotlin.Unit> declared in android.epicurius.ui.screens.auth.login.LoginViewModel.handleLogin' type=kotlin.coroutines.Continuation<kotlin.Unit> origin=null
          CALL 'public abstract fun invoke (): R of kotlin.Function0 [operator] declared in kotlin.Function0' type=kotlin.Unit origin=INVOKE
            $this: GET_VAR 'navigateTo: kotlin.Function0<kotlin.Unit> declared in android.epicurius.ui.screens.auth.login.LoginViewModel.handleLogin' type=kotlin.Function0<kotlin.Unit> origin=VARIABLE_AS_FUNCTION

	at org.jetbrains.kotlin.backend.jvm.codegen.FunctionCodegen.generate(FunctionCodegen.kt:47)
	at org.jetbrains.kotlin.backend.jvm.codegen.FunctionCodegen.generate$default(FunctionCodegen.kt:40)
	at org.jetbrains.kotlin.backend.jvm.codegen.ClassCodegen.generateMethodNode(ClassCodegen.kt:406)
	at org.jetbrains.kotlin.backend.jvm.codegen.ClassCodegen.generateMethod(ClassCodegen.kt:423)
	at org.jetbrains.kotlin.backend.jvm.codegen.ClassCodegen.generate(ClassCodegen.kt:168)
	at org.jetbrains.kotlin.backend.jvm.FileCodegen.lower(JvmPhases.kt:39)
	at org.jetbrains.kotlin.backend.common.phaser.PhaseFactoriesKt.createFilePhase$lambda$4(PhaseFactories.kt:71)
	at org.jetbrains.kotlin.backend.common.phaser.PhaseBuildersKt$createSimpleNamedCompilerPhase$1.phaseBody(PhaseBuilders.kt:69)
	at org.jetbrains.kotlin.backend.common.phaser.SimpleNamedCompilerPhase.phaseBody(CompilerPhase.kt:226)
	at org.jetbrains.kotlin.backend.common.phaser.AbstractNamedCompilerPhase.invoke(CompilerPhase.kt:113)
	at org.jetbrains.kotlin.backend.common.phaser.PerformByIrFilePhase.invokeSequential(performByIrFile.kt:62)
	... 44 more
Caused by: org.jetbrains.kotlin.codegen.CompilationException: Back-end (JVM) Internal error: Couldn't inline method call: CALL 'public final fun request$default <T> ($this: android.epicurius.ui.EpicuriusViewModel, showError: kotlin.Boolean, handler: kotlin.Function0<android.epicurius.services.http.utils.APIResult<T of android.epicurius.ui.EpicuriusViewModel.request$default>>, $mask0: kotlin.Int, $handler: kotlin.Any?): android.epicurius.services.http.utils.APIResult<T of android.epicurius.ui.EpicuriusViewModel.request$default> [inline] declared in android.epicurius.ui.EpicuriusViewModel' type=android.epicurius.services.http.utils.APIResult<T of android.epicurius.ui.EpicuriusViewModel.request$default> origin=DEFAULT_DISPATCH_CALL
Method: null
File is unknown
The root cause java.lang.RuntimeException was thrown at: org.jetbrains.kotlin.backend.jvm.codegen.FunctionCodegen.generate(FunctionCodegen.kt:47)
	at org.jetbrains.kotlin.codegen.inline.InlineCodegen.performInline(InlineCodegen.kt:65)
	at org.jetbrains.kotlin.backend.jvm.codegen.IrInlineCodegen.genInlineCall(IrInlineCodegen.kt:163)
	at org.jetbrains.kotlin.backend.jvm.codegen.IrInlineCallGenerator.genCall(IrInlineCallGenerator.kt:36)
	at org.jetbrains.kotlin.backend.jvm.codegen.ExpressionCodegen.visitCall(ExpressionCodegen.kt:653)
	at org.jetbrains.kotlin.backend.jvm.codegen.ExpressionCodegen.visitCall(ExpressionCodegen.kt:138)
	at org.jetbrains.kotlin.ir.expressions.IrCall.accept(IrCall.kt:24)
	at org.jetbrains.kotlin.backend.jvm.codegen.ExpressionCodegen.visitTypeOperator(ExpressionCodegen.kt:1127)
	at org.jetbrains.kotlin.backend.jvm.codegen.ExpressionCodegen.visitTypeOperator(ExpressionCodegen.kt:138)
	at org.jetbrains.kotlin.ir.expressions.IrTypeOperatorCall.accept(IrTypeOperatorCall.kt:26)
	at org.jetbrains.kotlin.backend.jvm.codegen.ExpressionCodegen.visitVariable(ExpressionCodegen.kt:790)
	at org.jetbrains.kotlin.backend.jvm.codegen.ExpressionCodegen.visitVariable(ExpressionCodegen.kt:138)
	at org.jetbrains.kotlin.ir.declarations.IrVariable.accept(IrVariable.kt:36)
	at org.jetbrains.kotlin.backend.jvm.codegen.ExpressionCodegen.visitStatementContainer(ExpressionCodegen.kt:579)
	at org.jetbrains.kotlin.backend.jvm.codegen.ExpressionCodegen.visitBlockBody(ExpressionCodegen.kt:584)
	at org.jetbrains.kotlin.backend.jvm.codegen.ExpressionCodegen.visitBlockBody(ExpressionCodegen.kt:138)
	at org.jetbrains.kotlin.ir.expressions.IrBlockBody.accept(IrBlockBody.kt:20)
	at org.jetbrains.kotlin.backend.jvm.codegen.ExpressionCodegen.generate(ExpressionCodegen.kt:240)
	at org.jetbrains.kotlin.backend.jvm.codegen.FunctionCodegen.doGenerate(FunctionCodegen.kt:123)
	at org.jetbrains.kotlin.backend.jvm.codegen.FunctionCodegen.generate(FunctionCodegen.kt:44)
	... 54 more
Caused by: java.lang.RuntimeException: Exception while generating code for:
FUN FUNCTION_FOR_DEFAULT_PARAMETER name:request$default visibility:public modality:FINAL <T> ($this:android.epicurius.ui.EpicuriusViewModel, showError:kotlin.Boolean, handler:kotlin.Function0<android.epicurius.services.http.utils.APIResult<T of android.epicurius.ui.EpicuriusViewModel.request$default>>, $mask0:kotlin.Int, $handler:kotlin.Any?) returnType:android.epicurius.services.http.utils.APIResult<T of android.epicurius.ui.EpicuriusViewModel.request$default> [inline]
  TYPE_PARAMETER name:T index:0 variance: superTypes:[kotlin.Any?] reified:true
  VALUE_PARAMETER MOVED_DISPATCH_RECEIVER name:$this index:0 type:android.epicurius.ui.EpicuriusViewModel
  VALUE_PARAMETER name:showError index:1 type:kotlin.Boolean [assignable]
    EXPRESSION_BODY
      ERROR_EXPR 'Default Stub' type=kotlin.Boolean
  VALUE_PARAMETER name:handler index:2 type:kotlin.Function0<android.epicurius.services.http.utils.APIResult<T of android.epicurius.ui.EpicuriusViewModel.request$default>>
  VALUE_PARAMETER MASK_FOR_DEFAULT_FUNCTION name:$mask0 index:3 type:kotlin.Int
  VALUE_PARAMETER METHOD_HANDLER_IN_DEFAULT_FUNCTION name:$handler index:4 type:kotlin.Any?

	at org.jetbrains.kotlin.backend.jvm.codegen.FunctionCodegen.generate(FunctionCodegen.kt:47)
	at org.jetbrains.kotlin.backend.jvm.codegen.FunctionCodegen.generate$default(FunctionCodegen.kt:40)
	at org.jetbrains.kotlin.backend.jvm.codegen.ClassCodegen.generateMethodNode(ClassCodegen.kt:412)
	at org.jetbrains.kotlin.backend.jvm.codegen.IrSourceCompilerForInline.compileInlineFunction(IrSourceCompilerForInline.kt:93)
	at org.jetbrains.kotlin.codegen.inline.InlineCodegen.compileInline(InlineCodegen.kt:43)
	at org.jetbrains.kotlin.codegen.inline.InlineCodegen.performInline(InlineCodegen.kt:51)
	... 72 more
Caused by: java.lang.IllegalStateException: Function has no body: FUN FUNCTION_FOR_DEFAULT_PARAMETER name:request$default visibility:public modality:FINAL <T> ($this:android.epicurius.ui.EpicuriusViewModel, showError:kotlin.Boolean, handler:kotlin.Function0<android.epicurius.services.http.utils.APIResult<T of android.epicurius.ui.EpicuriusViewModel.request$default>>, $mask0:kotlin.Int, $handler:kotlin.Any?) returnType:android.epicurius.services.http.utils.APIResult<T of android.epicurius.ui.EpicuriusViewModel.request$default> [inline]
	at org.jetbrains.kotlin.backend.jvm.codegen.ExpressionCodegen.generate(ExpressionCodegen.kt:236)
	at org.jetbrains.kotlin.backend.jvm.codegen.FunctionCodegen.doGenerate(FunctionCodegen.kt:123)
	at org.jetbrains.kotlin.backend.jvm.codegen.FunctionCodegen.generate(FunctionCodegen.kt:44)
	... 77 more


